Godot Engine v4.7.1.stable.official.a13da4feb - https://godotengine.org

ERROR: Failed to read the root certificate store.
   at: get_system_ca_certificates (platform/windows/os_windows.cpp:2582)
PASS: GameSession autoload is available
PASS: start menu uses the generated project-local background
PASS: background covers wider and taller aspect ratios
PASS: primary start actions are present
PASS: settings and desktop quit actions are present
PASS: continue availability mirrors persistent session state
WARNING: Could not write ProjectCake save data
   at: push_warning (core/variant/variant_utility.cpp:1033)
   GDScript backtrace (most recent call first):
       [0] _write_save (res://scripts/services/game_session_store.gd:174)
       [1] begin_new_game (res://scripts/services/game_session_store.gd:40)
       [2] _run (res://tests/integration/start_menu_self_check.gd:37)
PASS: new game creates a resumable session
PASS: new session summary is player-readable
PASS: settings opens as a modal overlay
WARNING: Could not save ProjectCake settings: Can't open file
   at: push_warning (core/variant/variant_utility.cpp:1033)
   GDScript backtrace (most recent call first):
       [0] save_settings (res://scripts/services/game_session_store.gd:133)
       [1] _save_settings (res://scripts/main/start_menu.gd:112)
       [2] _run (res://tests/integration/start_menu_self_check.gd:51)
PASS: master volume persists from settings
PASS: SFX volume persists from settings
PASS: dedicated SFX audio bus is configured
PASS: existing progress requires new-game confirmation
PASS: new-game confirmation can be cancelled
[ProjectCake][workstation] PancakeModel ready: 128x128
[ProjectCake][bootstrap] M0 main scene started with Mobile renderer
PASS: gameplay pause exposes navigation controls
PASS: pause overlay provides continue game
PASS: pause overlay provides end business and daily bill entry
PASS: pause overlay provides return to start page
PASS: resume closes the pause overlay
WARNING: Could not save ProjectCake settings: Can't open file
   at: push_warning (core/variant/variant_utility.cpp:1033)
   GDScript backtrace (most recent call first):
       [0] save_settings (res://scripts/services/game_session_store.gd:133)
       [1] _run (res://tests/integration/start_menu_self_check.gd:81)
START MENU SELF-CHECK PASS
