Godot Engine v4.7.1.stable.official.a13da4feb - https://godotengine.org

ERROR: Failed to read the root certificate store.
   at: get_system_ca_certificates (platform/windows/os_windows.cpp:2582)
[ProjectCake][workstation] PancakeModel ready: 128x128
[ProjectCake][bootstrap] M0 main scene started with Mobile renderer
PASS: workstation scene owns stable fold controls and overlay
PASS: fold overlay textures both the pancake top and revealed underside
PASS: fold overlay owns dedicated paper-bag, reinforced-sleeve, and tray artwork
PASS: workstation scene owns both rescue choices
PASS: fold button selects the continuous fold tool
PASS: fold tool exposes visible fold lines and edge handles
PASS: mouse movement deforms the flap before release
PASS: dragging the left edge over its line commits the left fold
PASS: committed left fold makes the original pancake region transparent instead of painting a fake griddle color
PASS: starting a fold locks earlier preparation tools
PASS: dragging the right edge over its line commits the right fold
PASS: completed non-severe folds expose both safe completion choices
PASS: paper sleeve completes the real workstation path
PASS: reinforced sleeve state renders its dedicated finished-product artwork
[ProjectCake][simulation] Pancake grid reset in 77 us
PASS: a hole in the dragged region creates a severe workstation fold failure
PASS: severe failure disables sleeve but immediately enables tray
PASS: tray rescues a severe failure without a dead end
PASS: tray rescue state renders its dedicated finished-product artwork
[ProjectCake][simulation] Pancake grid reset in 65 us
PASS: reset restores the complete pancake surface mask
PASS: R/reset clears folding, packaging, pointer, and tool state
P0.5 interaction self-check PASS
