Godot Engine v4.7.1.stable.mono.official.a13da4feb - https://godotengine.org

ERROR: Condition "!actions.custom_samplers.has(function->arguments[j].tex_builtin)" is true. Continuing.
   at: _dump_node_code (servers/rendering/shader_compiler.cpp:1329)
   C# backtrace (most recent call first):
       [0] void Godot.NativeCalls.godot_icall_1_56(nint, nint, nint) (/root/godot/modules/mono/glue/GodotSharp/GodotSharp/Generated/NativeCalls.cs:495)
       [1] void Godot.ShaderMaterial.SetShader(Godot.Shader) (/root/godot/modules/mono/glue/GodotSharp/GodotSharp/Generated/GodotObjects/ShaderMaterial.cs:63)
       [2] void Godot.ShaderMaterial.set_Shader(Godot.Shader) (/root/godot/modules/mono/glue/GodotSharp/GodotSharp/Generated/GodotObjects/ShaderMaterial.cs:27)
       [3] Godot.ShaderMaterial ProjectCake.UI.FoodInk.Material(bool) (D:\Project\ProjectCake\project-cake\Scripts\UI\FoodInk.cs:17)
       [4] void ProjectCake.UI.FryerVisualView._Ready() (D:\Project\ProjectCake\project-cake\Scripts\UI\FryerVisualView.cs:85)
       [5] bool Godot.Node.InvokeGodotClassMethod(Godot.NativeInterop.godot_string_name&, Godot.NativeInterop.NativeVariantPtrArgs, Godot.NativeInterop.godot_variant&) (/root/godot/modules/mono/glue/GodotSharp/GodotSharp/Generated/GodotObjects/Node.cs:2660)
       [6] bool Godot.CanvasItem.InvokeGodotClassMethod(Godot.NativeInterop.godot_string_name&, Godot.NativeInterop.NativeVariantPtrArgs, Godot.NativeInterop.godot_variant&) (/root/godot/modules/mono/glue/GodotSharp/GodotSharp/Generated/GodotObjects/CanvasItem.cs:1845)
       [7] bool Godot.Control.InvokeGodotClassMethod(Godot.NativeInterop.godot_string_name&, Godot.NativeInterop.NativeVariantPtrArgs, Godot.NativeInterop.godot_variant&) (/root/godot/modules/mono/glue/GodotSharp/GodotSharp/Generated/GodotObjects/Control.cs:4029)
       [8] bool ProjectCake.UI.FryerVisualView.InvokeGodotClassMethod(Godot.NativeInterop.godot_string_name&, Godot.NativeInterop.NativeVariantPtrArgs, Godot.NativeInterop.godot_variant&) (D:\Project\ProjectCake\project-cake\.godot\mono\temp\obj\Debug\Godot.SourceGenerators\Godot.SourceGenerators.ScriptMethodsGenerator\ProjectCake.UI.FryerVisualView_ScriptMethods.generated.cs:320)
       [9] Godot.NativeInterop.godot_bool Godot.Bridge.CSharpInstanceBridge.Call(nint, Godot.NativeInterop.godot_string_name*, Godot.NativeInterop.godot_variant**, int, Godot.NativeInterop.godot_variant_call_error*, Godot.NativeInterop.godot_variant*) (/root/godot/modules/mono/glue/GodotSharp/GodotSharp/Core/Bridge/CSharpInstanceBridge.cs:24)
       [10] void Godot.NativeInterop.NativeFuncs.godotsharp_method_bind_ptrcall(nint, nint, System.Void**, System.Void*) (/root/godot/modules/mono/glue/GodotSharp/GodotSharp/Godot.SourceGenerators.Internal/Godot.SourceGenerators.Internal.UnmanagedCallbacksGenerator/Godot.NativeInterop.NativeFuncs.generated.cs:380)
       [11] void Godot.NativeCalls.godot_icall_3_912(nint, nint, nint, Godot.NativeInterop.godot_bool, int) (/root/godot/modules/mono/glue/GodotSharp/GodotSharp/Generated/NativeCalls.cs:8061)
       [12] void Godot.Node.AddChild(Godot.Node, bool, Godot.Node+InternalMode) (/root/godot/modules/mono/glue/GodotSharp/GodotSharp/Generated/GodotObjects/Node.cs:848)
       [13] void ProjectCake.Tests.BusinessBookSelfTest+<_Ready>d__19.MoveNext() (D:\Project\ProjectCake\project-cake\Scripts\Tests\BusinessBookSelfTest.cs:81)
       [14] void System.Runtime.CompilerServices.AsyncMethodBuilderCore.Start<TStateMachine>(TStateMachine&)
       [15] void ProjectCake.Tests.BusinessBookSelfTest._Ready()
       [16] bool Godot.Node.InvokeGodotClassMethod(Godot.NativeInterop.godot_string_name&, Godot.NativeInterop.NativeVariantPtrArgs, Godot.NativeInterop.godot_variant&) (/root/godot/modules/mono/glue/GodotSharp/GodotSharp/Generated/GodotObjects/Node.cs:2660)
       [17] bool ProjectCake.Tests.BusinessBookSelfTest.InvokeGodotClassMethod(Godot.NativeInterop.godot_string_name&, Godot.NativeInterop.NativeVariantPtrArgs, Godot.NativeInterop.godot_variant&) (D:\Project\ProjectCake\project-cake\.godot\mono\temp\obj\Debug\Godot.SourceGenerators\Godot.SourceGenerators.ScriptMethodsGenerator\ProjectCake.Tests.BusinessBookSelfTest_ScriptMethods.generated.cs:180)
       [18] Godot.NativeInterop.godot_bool Godot.Bridge.CSharpInstanceBridge.Call(nint, Godot.NativeInterop.godot_string_name*, Godot.NativeInterop.godot_variant**, int, Godot.NativeInterop.godot_variant_call_error*, Godot.NativeInterop.godot_variant*) (/root/godot/modules/mono/glue/GodotSharp/GodotSharp/Core/Bridge/CSharpInstanceBridge.cs:24)
ERROR: 保存失败：Access to the path is denied.
   at: bool ProjectCake.Core.SaveService.TrySave(System.String&) (res://Scripts/Core/SaveService.cs:334)
   C# backtrace (most recent call first):
       [0] void Godot.GD.PushError(string) (/root/godot/modules/mono/glue/GodotSharp/GodotSharp/Core/GD.cs:366)
       [1] bool ProjectCake.Core.SaveService.TrySave(System.String&) (D:\Project\ProjectCake\project-cake\Scripts\Core\SaveService.cs:334)
       [2] ProjectCake.Core.DayCommitResult ProjectCake.Core.SaveService.CommitDay(ProjectCake.Gameplay.DayResult, ProjectCake.Orders.DayPlan, ProjectCake.Data.DayConfig) (D:\Project\ProjectCake\project-cake\Scripts\Core\SaveService.cs:263)
       [3] ProjectCake.UI.BusinessBookModel ProjectCake.UI.BusinessBookSettlement.Commit(ProjectCake.UI.BusinessBookModel, ProjectCake.Core.SaveService, ProjectCake.Orders.DayPlan, ProjectCake.Data.DayConfig, ProjectCake.Core.DataCatalog, bool) (D:\Project\ProjectCake\project-cake\Scripts\UI\BusinessBookSession.cs:59)
       [4] void ProjectCake.Tests.BusinessBookSelfTest+<_Ready>d__19.MoveNext() (D:\Project\ProjectCake\project-cake\Scripts\Tests\BusinessBookSelfTest.cs:153)
       [5] void System.Threading.ExecutionContext.RunInternal(System.Threading.ExecutionContext, System.Threading.ContextCallback, object)
       [6] void System.Threading.Tasks.AwaitTaskContinuation.RunCallback(System.Threading.ContextCallback, object, System.Threading.Tasks.Task&)
       [7] void System.Threading.Tasks.Task.RunContinuations(object)
       [8] void System.Runtime.CompilerServices.AsyncTaskMethodBuilder.SetResult()
       [9] void ProjectCake.Tests.BusinessBookSelfTest+<CheckArtEdges>d__23.MoveNext() (D:\Project\ProjectCake\project-cake\Scripts\Tests\BusinessBookSelfTest.cs:355)
       [10] void System.Threading.ExecutionContext.RunInternal(System.Threading.ExecutionContext, System.Threading.ContextCallback, object)
       [11] void System.Threading.Tasks.AwaitTaskContinuation.RunCallback(System.Threading.ContextCallback, object, System.Threading.Tasks.Task&)
       [12] void System.Threading.Tasks.Task.RunContinuations(object)
       [13] void System.Runtime.CompilerServices.AsyncTaskMethodBuilder.SetResult()
       [14] void ProjectCake.Tests.BusinessBookSelfTest+<Frames>d__17.MoveNext() (D:\Project\ProjectCake\project-cake\Scripts\Tests\BusinessBookSelfTest.cs:18)
       [15] void System.Threading.ExecutionContext.RunInternal(System.Threading.ExecutionContext, System.Threading.ContextCallback, object)
       [16] void System.Runtime.CompilerServices.AsyncTaskMethodBuilder`1+AsyncStateMachineBox`1.MoveNext()
       [17] void Godot.SignalAwaiter.SignalCallback(nint, Godot.NativeInterop.godot_variant**, int, Godot.NativeInterop.godot_bool*) (/root/godot/modules/mono/glue/GodotSharp/GodotSharp/Core/SignalAwaiter.cs:65)
ERROR: 保存失败：The process cannot access the file 'D:\Project\ProjectCake\project-cake\.tmp\book-tests\upgrade-688576a0-23c0-4775-9e57-a8d8d462c77b.json.tmp' because it is being used by another process.
   at: bool ProjectCake.Core.SaveService.TrySave(System.String&) (res://Scripts/Core/SaveService.cs:333)
   C# backtrace (most recent call first):
       [0] void Godot.GD.PushError(string) (/root/godot/modules/mono/glue/GodotSharp/GodotSharp/Core/GD.cs:366)
       [1] bool ProjectCake.Core.SaveService.TrySave(System.String&) (D:\Project\ProjectCake\project-cake\Scripts\Core\SaveService.cs:333)
       [2] bool ProjectCake.Core.SaveService.TryPurchase(string, string, ProjectCake.Core.DataCatalog, System.String&) (D:\Project\ProjectCake\project-cake\Scripts\Core\SaveService.cs:277)
       [3] bool ProjectCake.UI.BookUpgradeSource.Purchase(ProjectCake.Core.BookUpgradeOffer, System.String&) (D:\Project\ProjectCake\project-cake\Scripts\UI\BookUpgradeSource.cs:34)
       [4] void ProjectCake.Tests.BusinessBookSelfTest+<CheckBookUpgrades>d__32.MoveNext() (D:\Project\ProjectCake\project-cake\Scripts\Tests\BusinessBookUpgradeChecks.cs:50)
       [5] void System.Runtime.CompilerServices.AsyncTaskMethodBuilder.Start<TStateMachine>(TStateMachine&)
       [6] System.Threading.Tasks.Task ProjectCake.Tests.BusinessBookSelfTest.CheckBookUpgrades(ProjectCake.Core.DataCatalog, ProjectCake.Yangzhou.YangzhouCatalog)
       [7] void ProjectCake.Tests.BusinessBookSelfTest+<_Ready>d__19.MoveNext() (D:\Project\ProjectCake\project-cake\Scripts\Tests\BusinessBookSelfTest.cs:170)
       [8] void System.Threading.ExecutionContext.RunInternal(System.Threading.ExecutionContext, System.Threading.ContextCallback, object)
       [9] void System.Threading.Tasks.AwaitTaskContinuation.RunCallback(System.Threading.ContextCallback, object, System.Threading.Tasks.Task&)
       [10] void System.Threading.Tasks.Task.RunContinuations(object)
       [11] void System.Runtime.CompilerServices.AsyncTaskMethodBuilder.SetResult()
       [12] void ProjectCake.Tests.BusinessBookSelfTest+<CheckCompactPresentation>d__21.MoveNext() (D:\Project\ProjectCake\project-cake\Scripts\Tests\BusinessBookSelfTest.cs:271)
       [13] void System.Threading.ExecutionContext.RunInternal(System.Threading.ExecutionContext, System.Threading.ContextCallback, object)
       [14] void System.Threading.Tasks.AwaitTaskContinuation.RunCallback(System.Threading.ContextCallback, object, System.Threading.Tasks.Task&)
       [15] void System.Threading.Tasks.Task.RunContinuations(object)
       [16] void System.Runtime.CompilerServices.AsyncTaskMethodBuilder.SetResult()
       [17] void ProjectCake.Tests.BusinessBookSelfTest+<Frames>d__17.MoveNext() (D:\Project\ProjectCake\project-cake\Scripts\Tests\BusinessBookSelfTest.cs:18)
       [18] void System.Threading.ExecutionContext.RunInternal(System.Threading.ExecutionContext, System.Threading.ContextCallback, object)
       [19] void System.Runtime.CompilerServices.AsyncTaskMethodBuilder`1+AsyncStateMachineBox`1.MoveNext()
       [20] void Godot.SignalAwaiter.SignalCallback(nint, Godot.NativeInterop.godot_variant**, int, Godot.NativeInterop.godot_bool*) (/root/godot/modules/mono/glue/GodotSharp/GodotSharp/Core/SignalAwaiter.cs:65)
ERROR: 保存失败：The process cannot access the file 'D:\Project\ProjectCake\project-cake\.tmp\book-tests\upgrade-688576a0-23c0-4775-9e57-a8d8d462c77b.json.tmp' because it is being used by another process.
   at: bool ProjectCake.Core.SaveService.TrySave(System.String&) (res://Scripts/Core/SaveService.cs:333)
   C# backtrace (most recent call first):
       [0] void Godot.GD.PushError(string) (/root/godot/modules/mono/glue/GodotSharp/GodotSharp/Core/GD.cs:366)
       [1] bool ProjectCake.Core.SaveService.TrySave(System.String&) (D:\Project\ProjectCake\project-cake\Scripts\Core\SaveService.cs:333)
       [2] bool ProjectCake.Core.SaveService.TryPurchase(string, string, ProjectCake.Core.DataCatalog, System.String&) (D:\Project\ProjectCake\project-cake\Scripts\Core\SaveService.cs:277)
       [3] bool ProjectCake.UI.BookUpgradeSource.Purchase(ProjectCake.Core.BookUpgradeOffer, System.String&) (D:\Project\ProjectCake\project-cake\Scripts\UI\BookUpgradeSource.cs:34)
       [4] void ProjectCake.UI.BusinessDetailsView.BuyUpgrade(ProjectCake.Core.BookUpgradeOffer) (D:\Project\ProjectCake\project-cake\Scripts\UI\BusinessDetailsView.Upgrades.cs:77)
       [5] void ProjectCake.UI.BusinessDetailsView+<>c__DisplayClass149_0.<RenderUpgradeModal>b__1(ProjectCake.UI.CityEquipmentView) (D:\Project\ProjectCake\project-cake\Scripts\UI\BusinessDetailsView.Upgrades.cs:68)
       [6] void ProjectCake.UI.StartScreen.<RenderUpgradePage>b__52_1(ProjectCake.UI.CityEquipmentView) (D:\Project\ProjectCake\project-cake\Scripts\UI\StartScreen.CityPages.cs:280)
       [7] void ProjectCake.UI.EquipmentUpgradeView+<>c__DisplayClass29_0.<Select>b__1() (D:\Project\ProjectCake\project-cake\Scripts\UI\EquipmentUpgradeView.cs:120)
       [8] void Godot.Callable.<From>g__Trampoline|1_0(object, Godot.NativeInterop.NativeVariantPtrArgs, Godot.NativeInterop.godot_variant&) (/root/godot/modules/mono/glue/GodotSharp/GodotSharp/Core/Callable.generics.cs:39)
       [9] void Godot.DelegateUtils.InvokeWithVariantArgs(nint, System.Void*, Godot.NativeInterop.godot_variant**, int, Godot.NativeInterop.godot_variant*) (/root/godot/modules/mono/glue/GodotSharp/GodotSharp/Core/DelegateUtils.cs:86)
       [10] void Godot.NativeInterop.NativeFuncs.godotsharp_method_bind_ptrcall(nint, nint, System.Void**, System.Void*) (/root/godot/modules/mono/glue/GodotSharp/GodotSharp/Godot.SourceGenerators.Internal/Godot.SourceGenerators.Internal.UnmanagedCallbacksGenerator/Godot.NativeInterop.NativeFuncs.generated.cs:380)
       [11] void Godot.NativeCalls.godot_icall_2_521(nint, nint, nint, Godot.NativeInterop.godot_bool) (/root/godot/modules/mono/glue/GodotSharp/GodotSharp/Generated/NativeCalls.cs:4588)
       [12] void Godot.Viewport.PushInput(Godot.InputEvent, bool) (/root/godot/modules/mono/glue/GodotSharp/GodotSharp/Generated/GodotObjects/Viewport.cs:1760)
       [13] void ProjectCake.Tests.BusinessBookSelfTest.Click(Godot.Control) (D:\Project\ProjectCake\project-cake\Scripts\Tests\BusinessBookSelfTest.cs:19)
       [14] void ProjectCake.Tests.BusinessBookSelfTest+<CheckBookUpgrades>d__32.MoveNext() (D:\Project\ProjectCake\project-cake\Scripts\Tests\BusinessBookUpgradeChecks.cs:143)
       [15] void System.Threading.ExecutionContext.RunInternal(System.Threading.ExecutionContext, System.Threading.ContextCallback, object)
       [16] void System.Threading.Tasks.AwaitTaskContinuation.RunCallback(System.Threading.ContextCallback, object, System.Threading.Tasks.Task&)
       [17] void System.Threading.Tasks.Task.RunContinuations(object)
       [18] void System.Runtime.CompilerServices.AsyncTaskMethodBuilder.SetResult()
       [19] void ProjectCake.Tests.BusinessBookSelfTest+<Frames>d__17.MoveNext() (D:\Project\ProjectCake\project-cake\Scripts\Tests\BusinessBookSelfTest.cs:18)
       [20] void System.Threading.ExecutionContext.RunInternal(System.Threading.ExecutionContext, System.Threading.ContextCallback, object)
       [21] void System.Runtime.CompilerServices.AsyncTaskMethodBuilder`1+AsyncStateMachineBox`1.MoveNext()
       [22] void Godot.SignalAwaiter.SignalCallback(nint, Godot.NativeInterop.godot_variant**, int, Godot.NativeInterop.godot_bool*) (/root/godot/modules/mono/glue/GodotSharp/GodotSharp/Core/SignalAwaiter.cs:65)
ERROR: System.InvalidOperationException: tianjin success feedback
   at ProjectCake.Tests.BusinessBookSelfTest.Check(Boolean ok, String message) in D:\Project\ProjectCake\project-cake\Scripts\Tests\BusinessBookSelfTest.cs:line 17
   at ProjectCake.Tests.BusinessBookSelfTest.CheckBookUpgrades(DataCatalog catalog, YangzhouCatalog yc) in D:\Project\ProjectCake\project-cake\Scripts\Tests\BusinessBookUpgradeChecks.cs:line 155
   at ProjectCake.Tests.BusinessBookSelfTest._Ready() in D:\Project\ProjectCake\project-cake\Scripts\Tests\BusinessBookSelfTest.cs:line 170
   at: void ProjectCake.Tests.BusinessBookSelfTest+<_Ready>d__19.MoveNext() (res://Scripts/Tests/BusinessBookSelfTest.cs:170)
   C# backtrace (most recent call first):
       [0] void Godot.GD.PushError(string) (/root/godot/modules/mono/glue/GodotSharp/GodotSharp/Core/GD.cs:366)
       [1] void ProjectCake.Tests.BusinessBookSelfTest+<_Ready>d__19.MoveNext() (D:\Project\ProjectCake\project-cake\Scripts\Tests\BusinessBookSelfTest.cs:170)
       [2] void System.Threading.ExecutionContext.RunInternal(System.Threading.ExecutionContext, System.Threading.ContextCallback, object)
       [3] void System.Threading.Tasks.AwaitTaskContinuation.RunCallback(System.Threading.ContextCallback, object, System.Threading.Tasks.Task&)
       [4] void System.Threading.Tasks.Task.RunContinuations(object)
       [5] void System.Threading.Tasks.Task.FinishSlow(bool)
       [6] bool System.Threading.Tasks.Task.TrySetException(object)
       [7] void System.Runtime.CompilerServices.AsyncTaskMethodBuilder`1.SetException(System.Exception, System.Threading.Tasks.Task`1[TResult]&)
       [8] void ProjectCake.Tests.BusinessBookSelfTest+<CheckBookUpgrades>d__32.MoveNext() (D:\Project\ProjectCake\project-cake\Scripts\Tests\BusinessBookUpgradeChecks.cs:155)
       [9] void System.Threading.ExecutionContext.RunInternal(System.Threading.ExecutionContext, System.Threading.ContextCallback, object)
       [10] void System.Threading.Tasks.AwaitTaskContinuation.RunCallback(System.Threading.ContextCallback, object, System.Threading.Tasks.Task&)
       [11] void System.Threading.Tasks.Task.RunContinuations(object)
       [12] void System.Runtime.CompilerServices.AsyncTaskMethodBuilder.SetResult()
       [13] void ProjectCake.Tests.BusinessBookSelfTest+<Frames>d__17.MoveNext() (D:\Project\ProjectCake\project-cake\Scripts\Tests\BusinessBookSelfTest.cs:18)
       [14] void System.Threading.ExecutionContext.RunInternal(System.Threading.ExecutionContext, System.Threading.ContextCallback, object)
       [15] void System.Runtime.CompilerServices.AsyncTaskMethodBuilder`1+AsyncStateMachineBox`1.MoveNext()
       [16] void Godot.SignalAwaiter.SignalCallback(nint, Godot.NativeInterop.godot_variant**, int, Godot.NativeInterop.godot_bool*) (/root/godot/modules/mono/glue/GodotSharp/GodotSharp/Core/SignalAwaiter.cs:65)
