Godot Engine v4.7.1.stable.mono.official.a13da4feb - https://godotengine.org
ERROR: Could not create editor data directory: C:/Users/Administrator/AppData/Roaming/Godot
   at: EditorPaths (editor/file_system/editor_paths.cpp:201)
ERROR: Could not create editor config directory: C:/Users/Administrator/AppData/Roaming/Godot
   at: EditorPaths (editor/file_system/editor_paths.cpp:216)
ERROR: Could not create editor cache directory: C:/Users/Administrator/AppData/Local/Godot
   at: EditorPaths (editor/file_system/editor_paths.cpp:237)

ERROR: Cannot open file 'C:/Users/Administrator/AppData/Local/Godot/editor_doc_cache-4.7.res'.
ERROR: Failed to read the root certificate store.
   at: load (core/io/resource_format_binary.cpp:1156)
   at: get_system_ca_certificates (platform/windows/os_windows.cpp:2582)
ERROR: Failed loading resource: C:/Users/Administrator/AppData/Local/Godot/editor_doc_cache-4.7.res.
   at: _load (core/io/resource_loader.cpp:317)
ERROR: Could not open 'user://' directory: 'user://'.
   at: _get_and_create_snapshot_storage_dir (modules/objectdb_profiler/editor/objectdb_profiler_panel.cpp:157)
ERROR: Cannot open directory 'C:/Users/Administrator/AppData/Roaming/Godot/feature_profiles'.
   at: _update_profile_list (editor/settings/editor_feature_profile.cpp:392)
[   0% ] first_scan_filesystem | Started 项目初始化 (5 steps)
[   0% ] first_scan_filesystem | 正在扫描文件结构……
[  16% ] first_scan_filesystem | 正在加载全局类名……
[  33% ] first_scan_filesystem | 正在校验 GDExtension……
[  50% ] first_scan_filesystem | 正在创建自动加载脚本……
[  66% ] first_scan_filesystem | 正在初始化插件……
[  83% ] first_scan_filesystem | 正在启动文件扫描……
[ DONE ] first_scan_filesystem

ERROR: Cannot create file 'C:/Users/Administrator/AppData/Local/Godot/editor_doc_cache-4.7.res'.
   at: save (core/io/resource_format_binary.cpp:2117)
ERROR: Cannot save editor help cache (C:/Users/Administrator/AppData/Local/Godot/editor_doc_cache-4.7.res).
   at: _gen_doc_thread (editor/doc/editor_help.cpp:3071)
[   0% ] update_scripts_classes | Started 正在注册全局类…… (3 steps)
[   0% ] update_scripts_classes | 
[  25% ] update_scripts_classes | 
[  50% ] update_scripts_classes | 
[ DONE ] update_scripts_classes

[   0% ] _update_scan_actions | Started 正在扫描动作…… (2 steps)
[   0% ] _update_scan_actions | 武汉-热干面-豆皮.png
[  33% ] _update_scan_actions | 武汉-热干面.png
[ DONE ] _update_scan_actions

[   0% ] reimport | Started 正在导入或重新导入资产 (2 steps)
[   0% ] reimport | 正在准备重新导入文件……
[  33% ] reimport | 正在准备重新导入文件……
[   0% ] reimport | 正在执行重新导入的前置操作……
[   0% ] reimport | 武汉-热干面-豆皮.png
[  33% ] reimport | 武汉-热干面.png
[  66% ] reimport | 正在结束资产导入……
[ DONE ] reimport

[   0% ] reimport | Started 正在导入或重新导入资产 (2 steps)
[   0% ] reimport | 正在执行重新导入的后置操作……
[ DONE ] reimport

[   0% ] loading_editor_layout | Started 正在加载编辑器 (5 steps)
[   0% ] loading_editor_layout | 正在加载编辑器布局……
[  16% ] loading_editor_layout | 正在加载停靠面板……
[  33% ] loading_editor_layout | 正在重新打开场景……
ERROR: Attempting to parent and popup a dialog that already has a parent.
   at: _try_parent_dialog (scene/main/window.cpp:2297)
ERROR: Attempting to parent and popup a dialog that already has a parent.
   at: _try_parent_dialog (scene/main/window.cpp:2297)
ERROR: Attempting to parent and popup a dialog that already has a parent.
   at: _try_parent_dialog (scene/main/window.cpp:2297)
[  50% ] loading_editor_layout | 正在加载中央编辑器布局……
[  66% ] loading_editor_layout | 正在加载插件窗口布局……
[  83% ] loading_editor_layout | 编辑器布局就绪。
[ DONE ] loading_editor_layout

ERROR: Can't save resource to empty path. Provide non-empty path or a Resource with non-empty resource_path.
   at: save (core/io/resource_saver.cpp:108)
ERROR: Error saving editor settings to 
   at: save (editor/settings/editor_settings.cpp:1525)
