Godot Engine v4.6.1.stable.official.14d19694e - https://godotengine.org

ERROR: Failed to read the root certificate store.
   at: get_system_ca_certificates (platform/windows/os_windows.cpp:2570)
PASS: initial-unlock workstation scene loads without missing resources
[ProjectCake][workstation] PancakeModel ready: 128x128
PASS: workstation keeps a 1920x1080 scene-first safe area
PASS: left zone is 620px wide at the planned workstation origin
PASS: center zone is 520px wide with a 20px left gap
PASS: right zone is 540px wide with a 20px center gap
PASS: PanBase is reduced by exactly twenty percent to 520x468
PASS: PancakeSurface matches the redrawn griddle footprint without entering the front cabinet
PASS: griddle input surface starts below the payment controls
PASS: griddle artwork is vertically centered inside the redrawn mounting area
PASS: griddle artwork preserves width while staying above the front cabinet
PASS: visible griddle bottom remains inside the physical worktop boundary
PASS: one redrawn physical counter reaches both screen edges without a left seam
PASS: workstation uses the continuous worktop with the physical 4x3 pans shifted fully into the right zone
PASS: the physical right-side tray artwork leaves a clean gap beside the griddle
PASS: three tool holders sit in the narrow counter area left of the payment slot
PASS: three cylindrical holders fill the payment-slot-left tool zone
PASS: tool holders use the redrawn payment-slot metal language
PASS: tool input rack follows the three holders left of the payment slot
PASS: tool holders do not overlap the payment slot
PASS: status and instruction strip is relocated above the workstation
PASS: status strip no longer covers any worktop edge
PASS: all twelve fixed 4x3 tray positions exist in the scene
PASS: TraySlot01 remains a non-intercepting physical tray underlay
PASS: TraySlot01 leaves the physical metal pan artwork visible
PASS: TraySlot02 remains a non-intercepting physical tray underlay
PASS: TraySlot02 leaves the physical metal pan artwork visible
PASS: TraySlot03 remains a non-intercepting physical tray underlay
PASS: TraySlot03 leaves the physical metal pan artwork visible
PASS: TraySlot04 remains a non-intercepting physical tray underlay
PASS: TraySlot04 leaves the physical metal pan artwork visible
PASS: TraySlot04 has the correct opening-day occupied state
PASS: TraySlot05 remains a non-intercepting physical tray underlay
PASS: TraySlot05 leaves the physical metal pan artwork visible
PASS: TraySlot05 has the correct opening-day occupied state
PASS: TraySlot06 remains a non-intercepting physical tray underlay
PASS: TraySlot06 leaves the physical metal pan artwork visible
PASS: TraySlot06 has the correct opening-day occupied state
PASS: TraySlot07 remains a non-intercepting physical tray underlay
PASS: TraySlot07 leaves the physical metal pan artwork visible
PASS: TraySlot07 has the correct opening-day occupied state
PASS: TraySlot08 remains a non-intercepting physical tray underlay
PASS: TraySlot08 leaves the physical metal pan artwork visible
PASS: TraySlot08 has the correct opening-day occupied state
PASS: TraySlot09 remains a non-intercepting physical tray underlay
PASS: TraySlot09 leaves the physical metal pan artwork visible
PASS: TraySlot09 has the correct opening-day occupied state
PASS: TraySlot10 remains a non-intercepting physical tray underlay
PASS: TraySlot10 leaves the physical metal pan artwork visible
PASS: TraySlot10 has the correct opening-day occupied state
PASS: TraySlot11 remains a non-intercepting physical tray underlay
PASS: TraySlot11 leaves the physical metal pan artwork visible
PASS: TraySlot11 has the correct opening-day occupied state
PASS: TraySlot12 remains a non-intercepting physical tray underlay
PASS: TraySlot12 leaves the physical metal pan artwork visible
PASS: TraySlot12 has the correct opening-day occupied state
PASS: exactly three expansion-device slots exist
PASS: SoyMilkMachineSlot starts non-interactive
PASS: SoyMilkMachineSlot keeps UI framing transparent
PASS: SoyMilkMachineSlot leaves a flat tabletop for its future countertop machine
PASS: EggWaffleMachineSlot starts non-interactive
PASS: EggWaffleMachineSlot keeps UI framing transparent
PASS: EggWaffleMachineSlot leaves a flat tabletop for its future countertop machine
PASS: YoutiaoFryerSlot starts non-interactive
PASS: YoutiaoFryerSlot keeps UI framing transparent
PASS: the right fryer bay keeps a clear locked-equipment state
PASS: soy-milk machine keeps its fixed opening-day slot
PASS: youtiao fryer keeps its fixed opening-day slot
PASS: egg-waffle machine keeps its fixed opening-day slot
PASS: no steamer device is present
PASS: ScraperButton is owned on day one and remains in its stable cylindrical holder
PASS: SauceBrushButton is owned on day one and remains in its stable cylindrical holder
PASS: LadleButton has a stable visible scene-backed display
PASS: LadleButton input covers its complete physical holder
PASS: LadleButton display is centered over its input region
PASS: ScraperButton has a stable visible scene-backed display
PASS: ScraperButton input covers its complete physical holder
PASS: ScraperButton display is centered over its input region
PASS: SauceBrushButton has a stable visible scene-backed display
PASS: SauceBrushButton input covers its complete physical holder
PASS: SauceBrushButton display is centered over its input region
PASS: folding state remains wired without drawing a fourth spatula holder or hot zone
PASS: no fourth spatula sprite is present
PASS: tool-holder scene contains exactly three physical positions
PASS: the cylinder front wall occludes tool handles without intercepting input
PASS: the basic spreader is immediately operable in the opening spread phase
PASS: three upgrade-tool hooks are reserved in the scene
PASS: WideSpreaderHook is unavailable on day one
PASS: WideSpreaderHook has no misleading empty hook in the opening-day scene
PASS: WideSpreaderHook draws no upgrade-tool UI tile
PASS: AutomaticBrushHook is unavailable on day one
PASS: AutomaticBrushHook has no misleading empty hook in the opening-day scene
PASS: AutomaticBrushHook draws no upgrade-tool UI tile
PASS: PressSpreaderHook is unavailable on day one
PASS: PressSpreaderHook has no misleading empty hook in the opening-day scene
PASS: PressSpreaderHook draws no upgrade-tool UI tile
PASS: scaled pointer sample (0.12, 0.21) maps to the same simulation coordinate
PASS: ingredient placement for (0.12, 0.21) follows the independent horizontal and vertical scale
PASS: scaled pointer sample (0.5, 0.5) maps to the same simulation coordinate
PASS: ingredient placement for (0.5, 0.5) follows the independent horizontal and vertical scale
PASS: scaled pointer sample (0.84, 0.68) maps to the same simulation coordinate
PASS: ingredient placement for (0.84, 0.68) follows the independent horizontal and vertical scale
PASS: left fold path remains on the same simulation fold line
PASS: scaled griddle edge preserves the inside-pan decision
ERROR: day-one ingredients overlay the physical right-side tray grid instead of the payment shelf
   at: push_error (core/variant/variant_utility.cpp:1024)
   GDScript backtrace (most recent call first):
       [0] _finish (res://tests/integration/initial_unlock_workstation_self_check.gd:272)
       [1] _run (res://tests/integration/initial_unlock_workstation_self_check.gd:47)
ERROR: TraySlot01 has the correct opening-day occupied state
   at: push_error (core/variant/variant_utility.cpp:1024)
   GDScript backtrace (most recent call first):
       [0] _finish (res://tests/integration/initial_unlock_workstation_self_check.gd:272)
       [1] _run (res://tests/integration/initial_unlock_workstation_self_check.gd:47)
ERROR: TraySlot02 has the correct opening-day occupied state
   at: push_error (core/variant/variant_utility.cpp:1024)
   GDScript backtrace (most recent call first):
       [0] _finish (res://tests/integration/initial_unlock_workstation_self_check.gd:272)
       [1] _run (res://tests/integration/initial_unlock_workstation_self_check.gd:47)
ERROR: TraySlot03 has the correct opening-day occupied state
   at: push_error (core/variant/variant_utility.cpp:1024)
   GDScript backtrace (most recent call first):
       [0] _finish (res://tests/integration/initial_unlock_workstation_self_check.gd:272)
       [1] _run (res://tests/integration/initial_unlock_workstation_self_check.gd:47)
ERROR: EggButton remains directly usable on day one
   at: push_error (core/variant/variant_utility.cpp:1024)
   GDScript backtrace (most recent call first):
       [0] _finish (res://tests/integration/initial_unlock_workstation_self_check.gd:272)
       [1] _run (res://tests/integration/initial_unlock_workstation_self_check.gd:47)
ERROR: EggButton is physically contained by TraySlot01
   at: push_error (core/variant/variant_utility.cpp:1024)
   GDScript backtrace (most recent call first):
       [0] _finish (res://tests/integration/initial_unlock_workstation_self_check.gd:272)
       [1] _run (res://tests/integration/initial_unlock_workstation_self_check.gd:47)
ERROR: BaocuiButton remains directly usable on day one
   at: push_error (core/variant/variant_utility.cpp:1024)
   GDScript backtrace (most recent call first):
       [0] _finish (res://tests/integration/initial_unlock_workstation_self_check.gd:272)
       [1] _run (res://tests/integration/initial_unlock_workstation_self_check.gd:47)
ERROR: BaocuiButton is physically contained by TraySlot02
   at: push_error (core/variant/variant_utility.cpp:1024)
   GDScript backtrace (most recent call first):
       [0] _finish (res://tests/integration/initial_unlock_workstation_self_check.gd:272)
       [1] _run (res://tests/integration/initial_unlock_workstation_self_check.gd:47)
ERROR: ScallionButton remains directly usable on day one
   at: push_error (core/variant/variant_utility.cpp:1024)
   GDScript backtrace (most recent call first):
       [0] _finish (res://tests/integration/initial_unlock_workstation_self_check.gd:272)
       [1] _run (res://tests/integration/initial_unlock_workstation_self_check.gd:47)
ERROR: ScallionButton is physically contained by TraySlot03
   at: push_error (core/variant/variant_utility.cpp:1024)
   GDScript backtrace (most recent call first):
       [0] _finish (res://tests/integration/initial_unlock_workstation_self_check.gd:272)
       [1] _run (res://tests/integration/initial_unlock_workstation_self_check.gd:47)
ERROR: LadleButton is lowered into the dark cylinder interior
   at: push_error (core/variant/variant_utility.cpp:1024)
   GDScript backtrace (most recent call first):
       [0] _finish (res://tests/integration/initial_unlock_workstation_self_check.gd:272)
       [1] _run (res://tests/integration/initial_unlock_workstation_self_check.gd:47)
ERROR: ScraperButton is lowered into the dark cylinder interior
   at: push_error (core/variant/variant_utility.cpp:1024)
   GDScript backtrace (most recent call first):
       [0] _finish (res://tests/integration/initial_unlock_workstation_self_check.gd:272)
       [1] _run (res://tests/integration/initial_unlock_workstation_self_check.gd:47)
ERROR: SauceBrushButton is lowered into the dark cylinder interior
   at: push_error (core/variant/variant_utility.cpp:1024)
   GDScript backtrace (most recent call first):
       [0] _finish (res://tests/integration/initial_unlock_workstation_self_check.gd:272)
       [1] _run (res://tests/integration/initial_unlock_workstation_self_check.gd:47)
