Godot Engine v4.7.1.stable.official.a13da4feb - https://godotengine.org

ERROR: Failed to read the root certificate store.
   at: get_system_ca_certificates (platform/windows/os_windows.cpp:2582)
[   0% ] first_scan_filesystem | Started 项目初始化 (5 steps)
[   0% ] first_scan_filesystem | 正在扫描文件结构……
[  16% ] first_scan_filesystem | 正在加载全局类名……
[  33% ] first_scan_filesystem | 正在校验 GDExtension……
[  50% ] first_scan_filesystem | 正在创建自动加载脚本……
[  66% ] first_scan_filesystem | 正在初始化插件……
[  83% ] first_scan_filesystem | 正在启动文件扫描……
[ DONE ] first_scan_filesystem

ERROR: Cannot create file 'C:/Users/Administrator/AppData/Local/Godot/editor_doc_cache-4.7.res'.
   at: save (core/io/resource_format_binary.cpp:2117)
ERROR: Cannot save editor help cache (C:/Users/Administrator/AppData/Local/Godot/editor_doc_cache-4.7.res).
   at: _gen_doc_thread (editor/doc/editor_help.cpp:3071)
[   0% ] _update_scan_actions | Started 正在扫描动作…… (7 steps)
[   0% ] _update_scan_actions | scallion_youtiao_dough_v1.png
[  12% ] _update_scan_actions | sesame_youtiao_dough_v1.png
[  25% ] _update_scan_actions | black_bean_soy_milk_cup_v1.png
[  37% ] _update_scan_actions | sesame_youtiao_v1.png
[  50% ] _update_scan_actions | workstation_initial_unlock_redraw_v4.png
[  62% ] _update_scan_actions | countertop_tool_cups_initial_v4.png
[  75% ] _update_scan_actions | countertop_tool_cups_initial_v4_chroma.png
[ DONE ] _update_scan_actions

[   0% ] reimport | Started 正在导入或重新导入资产 (7 steps)
[   0% ] reimport | 正在准备重新导入文件……
[  12% ] reimport | 正在准备重新导入文件……
[  25% ] reimport | 正在准备重新导入文件……
[  37% ] reimport | 正在准备重新导入文件……
[  50% ] reimport | 正在准备重新导入文件……
[  62% ] reimport | 正在准备重新导入文件……
[  75% ] reimport | 正在准备重新导入文件……
[   0% ] reimport | 正在执行重新导入的前置操作……
[   0% ] reimport | scallion_youtiao_dough_v1.png
[  12% ] reimport | sesame_youtiao_dough_v1.png
[  25% ] reimport | black_bean_soy_milk_cup_v1.png
[  37% ] reimport | sesame_youtiao_v1.png
[  50% ] reimport | workstation_initial_unlock_redraw_v4.png
[  62% ] reimport | countertop_tool_cups_initial_v4.png
[  75% ] reimport | countertop_tool_cups_initial_v4_chroma.png
[  87% ] reimport | 正在结束资产导入……
[ DONE ] reimport

[   0% ] reimport | Started 正在导入或重新导入资产 (7 steps)
[   0% ] reimport | 正在执行重新导入的后置操作……
[ DONE ] reimport

[   0% ] loading_editor_layout | Started 正在加载编辑器 (5 steps)
[   0% ] loading_editor_layout | 正在加载编辑器布局……
[  16% ] loading_editor_layout | 正在加载停靠面板……
[  33% ] loading_editor_layout | 正在重新打开场景……
[  50% ] loading_editor_layout | 正在加载中央编辑器布局……
[  66% ] loading_editor_layout | 正在加载插件窗口布局……
[  83% ] loading_editor_layout | 编辑器布局就绪。
[ DONE ] loading_editor_layout

ERROR: Cannot save file 'C:/Users/Administrator/AppData/Roaming/Godot/editor_settings-4.7.tres'.
   at: save (scene/resources/resource_format_text.cpp:1768)
ERROR: Error saving editor settings to C:/Users/Administrator/AppData/Roaming/Godot/editor_settings-4.7.tres
   at: save (editor/settings/editor_settings.cpp:1525)
