Godot Engine v4.7.1.stable.mono.official.a13da4feb - https://godotengine.org

ERROR: Failed to read the root certificate store.
   at: get_system_ca_certificates (platform/windows/os_windows.cpp:2582)
ERROR: Condition "!actions.custom_samplers.has(function->arguments[j].tex_builtin)" is true. Continuing.
   at: _dump_node_code (servers/rendering/shader_compiler.cpp:1329)
   C# backtrace (most recent call first):
       [0] void Godot.NativeCalls.godot_icall_1_56(nint, nint, nint) (/root/godot/modules/mono/glue/GodotSharp/GodotSharp/Generated/NativeCalls.cs:495)
       [1] void Godot.ShaderMaterial.SetShader(Godot.Shader) (/root/godot/modules/mono/glue/GodotSharp/GodotSharp/Generated/GodotObjects/ShaderMaterial.cs:63)
       [2] void Godot.ShaderMaterial.set_Shader(Godot.Shader) (/root/godot/modules/mono/glue/GodotSharp/GodotSharp/Generated/GodotObjects/ShaderMaterial.cs:27)
       [3] Godot.ShaderMaterial ProjectCake.UI.FoodInk.Material(bool) (D:\Project\ProjectCake\project-cake\Scripts\UI\FoodInk.cs:17)
       [4] void ProjectCake.UI.FryerVisualView._Ready() (D:\Project\ProjectCake\project-cake\Scripts\UI\FryerVisualView.cs:85)
       [5] bool Godot.Node.InvokeGodotClassMethod(Godot.NativeInterop.godot_string_name&, Godot.NativeInterop.NativeVariantPtrArgs, Godot.NativeInterop.godot_variant&) (/root/godot/modules/mono/glue/GodotSharp/GodotSharp/Generated/GodotObjects/Node.cs:2660)
       [6] bool Godot.CanvasItem.InvokeGodotClassMethod(Godot.NativeInterop.godot_string_name&, Godot.NativeInterop.NativeVariantPtrArgs, Godot.NativeInterop.godot_variant&) (/root/godot/modules/mono/glue/GodotSharp/GodotSharp/Generated/GodotObjects/CanvasItem.cs:1845)
       [7] bool Godot.Control.InvokeGodotClassMethod(Godot.NativeInterop.godot_string_name&, Godot.NativeInterop.NativeVariantPtrArgs, Godot.NativeInterop.godot_variant&) (/root/godot/modules/mono/glue/GodotSharp/GodotSharp/Generated/GodotObjects/Control.cs:4029)
       [8] bool ProjectCake.UI.FryerVisualView.InvokeGodotClassMethod(Godot.NativeInterop.godot_string_name&, Godot.NativeInterop.NativeVariantPtrArgs, Godot.NativeInterop.godot_variant&) (D:\Project\ProjectCake\project-cake\.godot\mono\temp\obj\Debug\Godot.SourceGenerators\Godot.SourceGenerators.ScriptMethodsGenerator\ProjectCake.UI.FryerVisualView_ScriptMethods.generated.cs:320)
       [9] Godot.NativeInterop.godot_bool Godot.Bridge.CSharpInstanceBridge.Call(nint, Godot.NativeInterop.godot_string_name*, Godot.NativeInterop.godot_variant**, int, Godot.NativeInterop.godot_variant_call_error*, Godot.NativeInterop.godot_variant*) (/root/godot/modules/mono/glue/GodotSharp/GodotSharp/Core/Bridge/CSharpInstanceBridge.cs:24)
       [10] void Godot.NativeInterop.NativeFuncs.godotsharp_method_bind_ptrcall(nint, nint, System.Void**, System.Void*) (/root/godot/modules/mono/glue/GodotSharp/GodotSharp/Godot.SourceGenerators.Internal/Godot.SourceGenerators.Internal.UnmanagedCallbacksGenerator/Godot.NativeInterop.NativeFuncs.generated.cs:380)
       [11] void Godot.NativeCalls.godot_icall_3_912(nint, nint, nint, Godot.NativeInterop.godot_bool, int) (/root/godot/modules/mono/glue/GodotSharp/GodotSharp/Generated/NativeCalls.cs:8061)
       [12] void Godot.Node.AddChild(Godot.Node, bool, Godot.Node+InternalMode) (/root/godot/modules/mono/glue/GodotSharp/GodotSharp/Generated/GodotObjects/Node.cs:848)
       [13] void ProjectCake.Tests.TianjinFlipSelfTest+<_Ready>d__7.MoveNext() (D:\Project\ProjectCake\project-cake\Scripts\Tests\TianjinFlipSelfTest.cs:51)
       [14] void System.Runtime.CompilerServices.AsyncMethodBuilderCore.Start<TStateMachine>(TStateMachine&)
       [15] void ProjectCake.Tests.TianjinFlipSelfTest._Ready()
       [16] bool Godot.Node.InvokeGodotClassMethod(Godot.NativeInterop.godot_string_name&, Godot.NativeInterop.NativeVariantPtrArgs, Godot.NativeInterop.godot_variant&) (/root/godot/modules/mono/glue/GodotSharp/GodotSharp/Generated/GodotObjects/Node.cs:2660)
       [17] bool ProjectCake.Tests.TianjinFlipSelfTest.InvokeGodotClassMethod(Godot.NativeInterop.godot_string_name&, Godot.NativeInterop.NativeVariantPtrArgs, Godot.NativeInterop.godot_variant&) (D:\Project\ProjectCake\project-cake\.godot\mono\temp\obj\Debug\Godot.SourceGenerators\Godot.SourceGenerators.ScriptMethodsGenerator\ProjectCake.Tests.TianjinFlipSelfTest_ScriptMethods.generated.cs:50)
       [18] Godot.NativeInterop.godot_bool Godot.Bridge.CSharpInstanceBridge.Call(nint, Godot.NativeInterop.godot_string_name*, Godot.NativeInterop.godot_variant**, int, Godot.NativeInterop.godot_variant_call_error*, Godot.NativeInterop.godot_variant*) (/root/godot/modules/mono/glue/GodotSharp/GodotSharp/Core/Bridge/CSharpInstanceBridge.cs:24)
FLIP_PASS button starts animation and commits exactly one flip
FLIP_PASS repeated F cannot advance the recipe
FLIP_PASS repeated F cannot advance the recipe
FLIP_PASS repeated F cannot advance the recipe
FLIP_PASS repeated F cannot advance the recipe
FLIP_PASS repeated F cannot advance the recipe
FLIP_PASS airborne inputs do not change food or stock
FLIP_PASS airborne pancake cannot be picked up for trash
FLIP_PASS other work remains available during the flip
FLIP_PASS spatula accompanies the rising pancake (active=True, state=Running, paused=False, progress=0.3809524)
FLIP_PASS food and spatula finish together at 0.35 seconds
FLIP_PASS egg state survives the flip
FLIP_PASS sauce becomes available after landing
FLIP_PASS F starts a valid flip
FLIP_PASS business details settle the food and restore the spatula
FLIP_PASS closing details does not replay animation
FLIP_PASS F starts a valid flip
FLIP_PASS focus loss clears the animation
FLIP_PASS F starts a valid flip
FLIP_PASS changing reduced motion mid-flip settles immediately
FLIP_PASS reduced motion preserves successful flip without travel or input delay
FLIP_PASS F starts a valid flip
FLIP_PASS paused workstation releases animation lock
FLIP_PASS day reset removes moving food and unlocks the next pancake
FLIP_PASS F starts a valid flip
FLIP_PASS leaving clears both food and tool motion
FLIP_PASS button starts animation and commits exactly one flip
FLIP_PASS repeated F cannot advance the recipe
FLIP_PASS repeated F cannot advance the recipe
FLIP_PASS repeated F cannot advance the recipe
FLIP_PASS repeated F cannot advance the recipe
FLIP_PASS repeated F cannot advance the recipe
FLIP_PASS airborne inputs do not change food or stock
FLIP_PASS airborne pancake cannot be picked up for trash
FLIP_PASS other work remains available during the flip
FLIP_PASS spatula accompanies the rising pancake (active=True, state=Running, paused=False, progress=0.3809524)
FLIP_PASS food and spatula finish together at 0.35 seconds
FLIP_PASS egg state survives the flip
FLIP_PASS sauce becomes available after landing
FLIP_PASS F starts a valid flip
FLIP_PASS business details settle the food and restore the spatula
FLIP_PASS closing details does not replay animation
FLIP_PASS F starts a valid flip
FLIP_PASS focus loss clears the animation
FLIP_PASS F starts a valid flip
FLIP_PASS changing reduced motion mid-flip settles immediately
FLIP_PASS reduced motion preserves successful flip without travel or input delay
FLIP_PASS F starts a valid flip
FLIP_PASS paused workstation releases animation lock
FLIP_PASS day reset removes moving food and unlocks the next pancake
FLIP_PASS F starts a valid flip
FLIP_PASS leaving clears both food and tool motion
TIANJIN_FLIP_TEST: 52 passed, 0 failed
