Godot Engine v4.7.1.stable.mono.official.a13da4feb - https://godotengine.org
ERROR: Can't create shader cache folder, no shader caching will happen: user://
   at: RasterizerGLES3 (drivers/gles3/rasterizer_gles3.cpp:345)
OpenGL API 3.3.0 NVIDIA 610.88 - Compatibility - Using Device: NVIDIA - NVIDIA GeForce RTX 5070

ERROR: Failed to read the root certificate store.
   at: get_system_ca_certificates (platform/windows/os_windows.cpp:2582)
ERROR: 存档无法读取：Access to the path 'C:\Users\Administrator\AppData\Roaming\Godot\app_userdata\早餐铺子\project_cake_save_v3.json' is denied.
   at: void ProjectCake.Core.SaveService.SetCorruptError(string, System.Exception) (res://Scripts/Core/SaveService.cs:416)
   C# backtrace (most recent call first):
       [0] void Godot.GD.PushError(string) (/root/godot/modules/mono/glue/GodotSharp/GodotSharp/Core/GD.cs:366)
       [1] void ProjectCake.Core.SaveService.SetCorruptError(string, System.Exception) (D:\Project\ProjectCake\project-cake\Scripts\Core\SaveService.cs:416)
       [2] void ProjectCake.Core.SaveService.Load() (D:\Project\ProjectCake\project-cake\Scripts\Core\SaveService.cs:176)
       [3] void ProjectCake.Core.SaveService._Ready() (D:\Project\ProjectCake\project-cake\Scripts\Core\SaveService.cs:159)
       [4] bool Godot.Node.InvokeGodotClassMethod(Godot.NativeInterop.godot_string_name&, Godot.NativeInterop.NativeVariantPtrArgs, Godot.NativeInterop.godot_variant&) (/root/godot/modules/mono/glue/GodotSharp/GodotSharp/Generated/GodotObjects/Node.cs:2660)
       [5] bool ProjectCake.Core.SaveService.InvokeGodotClassMethod(Godot.NativeInterop.godot_string_name&, Godot.NativeInterop.NativeVariantPtrArgs, Godot.NativeInterop.godot_variant&) (D:\Project\ProjectCake\project-cake\.godot\mono\temp\obj\Debug\Godot.SourceGenerators\Godot.SourceGenerators.ScriptMethodsGenerator\ProjectCake.Core.SaveService_ScriptMethods.generated.cs:220)
       [6] Godot.NativeInterop.godot_bool Godot.Bridge.CSharpInstanceBridge.Call(nint, Godot.NativeInterop.godot_string_name*, Godot.NativeInterop.godot_variant**, int, Godot.NativeInterop.godot_variant_call_error*, Godot.NativeInterop.godot_variant*) (/root/godot/modules/mono/glue/GodotSharp/GodotSharp/Core/Bridge/CSharpInstanceBridge.cs:24)
SHOT 01-continue: popups=1 shown=天津 · 第 15 天 hover=/root/HoverTooltipCapture/@SubViewport@2/Main/UI/StartScreen/Canvas/Page/Continue
SHOT 02-map: popups=1 shown=查看世界地图 hover=/root/HoverTooltipCapture/@SubViewport@2/Main/UI/StartScreen/Canvas/Page/WallMap
SHOT 03-calendar: popups=1 shown=第 8 天 · 火腿新品
历史最佳收入 386 金币 · 满意度 96% hover=/root/HoverTooltipCapture/@SubViewport@2/Main/UI/StartScreen/Canvas/Page/Date8
SHOT 04-day: popups=1 shown=天津 · 第 15 天 · 最终高峰 hover=/root/HoverTooltipCapture/@SubViewport@2/Main/UI/TianjinDayScreen/BusinessHud/DaySign
SHOT 05-orders: popups=1 shown=今日已完成订单 / 计划订单 hover=/root/HoverTooltipCapture/@SubViewport@2/Main/UI/TianjinDayScreen/BusinessHud/ProgressSign/@Label@109
SHOT 06-time: popups=1 shown=剩余营业时间 hover=/root/HoverTooltipCapture/@SubViewport@2/Main/UI/TianjinDayScreen/BusinessHud/ProgressSign/@Label@111
SHOT 07-income: popups=1 shown=今日收入（含小费） hover=/root/HoverTooltipCapture/@SubViewport@2/Main/UI/TianjinDayScreen/BusinessHud/IncomeSign/@Label@113
SHOT 08-pause: popups=1 shown=暂停营业（Esc） hover=/root/HoverTooltipCapture/@SubViewport@2/Main/UI/TianjinDayScreen/BusinessHud/HudPause
SHOT 09-pendant: popups=1 shown=查看营业明细 hover=/root/HoverTooltipCapture/@SubViewport@2/Main/UI/TianjinDayScreen/CashPendant
SHOT 04b-wuhan-day: popups=1 shown=武汉 · 第 12 天 · 最终挑战 hover=/root/HoverTooltipCapture/@SubViewport@2/Main/UI/WuhanDayScreen/BusinessHud/DaySign
SHOT 10a-book-entry: popups=1 shown=营业账本 hover=/root/HoverTooltipCapture/@SubViewport@2/Main/UI/XianDayScreen/Workbench/BusinessHud/OpenBusinessBook
SHOT 10b-collect: popups=1 shown=点击收钱 hover=/root/HoverTooltipCapture/@SubViewport@2/Main/UI/XianDayScreen/Workbench/CoinTray/CollectCoins
SHOT 15-close-dialog: popups=1 shown=关闭 hover=
SHOT 11a-next: popups=1 shown=顾客明细 hover=/root/HoverTooltipCapture/@SubViewport@2/Main/UI/XianDayScreen/BusinessDetails/@Control@175/@Control@176/NextBookPage
SHOT 11b-close-book: popups=1 shown=收好账本（Esc） hover=/root/HoverTooltipCapture/@SubViewport@2/Main/UI/XianDayScreen/BusinessDetails/@Control@175/@Control@176/CloseBusinessDetails
SHOT 12a-completion: popups=1 shown=完成率 = 完成 ÷（完成 + 流失），只计算已结束客单；错误完成也计入完成。 hover=/root/HoverTooltipCapture/@SubViewport@2/Main/UI/XianDayScreen/BusinessDetails/@Control@175/@Control@176/@Control@188/@Control@445/@Label@452
SHOT 12b-satisfaction: popups=1 shown=仅按已完成订单的顾客计算满意度，流失顾客不计入平均值。 hover=/root/HoverTooltipCapture/@SubViewport@2/Main/UI/XianDayScreen/BusinessDetails/@Control@175/@Control@176/@Control@188/@Control@445/@Label@455
SHOT 13a-food-name: popups=1 shown=多肉加汁肉夹馍 hover=/root/HoverTooltipCapture/@SubViewport@2/Main/UI/XianDayScreen/BusinessDetails/@Control@175/@Control@176/@Control@188/@Label@443
SHOT 13b-unlock: popups=1 shown=章节已点亮
新开放内容 · 回店查看 hover=/root/HoverTooltipCapture/@SubViewport@2/Main/UI/XianDayScreen/BusinessDetails/@Control@175/@Control@176/@Control@188/UnlockSticker
SHOT 13c-upgrade: popups=1 shown=查看升级效果与价格 hover=/root/HoverTooltipCapture/@SubViewport@2/Main/UI/XianDayScreen/BusinessDetails/@Control@175/@Control@176/@Control@188/UpgradeSticker/OpenBookUpgrades
SHOT 14a-save-message: popups=1 shown=已保存 · 已入账 ¥386 · 新纪录 hover=/root/HoverTooltipCapture/@SubViewport@2/Main/UI/XianDayScreen/BusinessDetails/@Control@175/@Control@176/@Label@197
SHOT 11c-previous: popups=1 shown=营业小结 hover=/root/HoverTooltipCapture/@SubViewport@2/Main/UI/XianDayScreen/BusinessDetails/@Control@175/@Control@176/PreviousBookPage
SHOT 14b-upgrade-feedback: popups=1 shown=升级成功，下次营业生效。 hover=/root/HoverTooltipCapture/@SubViewport@2/Main/UI/XianDayScreen/BusinessDetails/@Control@175/BookUpgradeModal/UpgradeFeedback
HOVER_CAPTURE_OK count=23
