Godot Engine v4.7.1.stable.mono.official.a13da4feb - https://godotengine.org
ERROR: Can't create shader cache folder, no shader caching will happen: user://
   at: RasterizerGLES3 (drivers/gles3/rasterizer_gles3.cpp:345)
OpenGL API 3.3.0 NVIDIA 610.88 - Compatibility - Using Device: NVIDIA - NVIDIA GeForce RTX 5070

ERROR: Failed to read the root certificate store.
   at: get_system_ca_certificates (platform/windows/os_windows.cpp:2582)
ERROR: 存档无法读取：Access to the path 'C:\Users\Administrator\AppData\Roaming\Godot\app_userdata\早餐铺子\project_cake_save_v3.json' is denied.
   at: void ProjectCake.Core.SaveService.SetCorruptError(string, System.Exception) (res://Scripts/Core/SaveService.cs:416)
   C# backtrace (most recent call first):
       [0] void Godot.GD.PushError(string) (/root/godot/modules/mono/glue/GodotSharp/GodotSharp/Core/GD.cs:366)
       [1] void ProjectCake.Core.SaveService.SetCorruptError(string, System.Exception) (D:\Project\ProjectCake\project-cake\Scripts\Core\SaveService.cs:416)
       [2] void ProjectCake.Core.SaveService.Load() (D:\Project\ProjectCake\project-cake\Scripts\Core\SaveService.cs:176)
       [3] void ProjectCake.Core.SaveService._Ready() (D:\Project\ProjectCake\project-cake\Scripts\Core\SaveService.cs:159)
       [4] bool Godot.Node.InvokeGodotClassMethod(Godot.NativeInterop.godot_string_name&, Godot.NativeInterop.NativeVariantPtrArgs, Godot.NativeInterop.godot_variant&) (/root/godot/modules/mono/glue/GodotSharp/GodotSharp/Generated/GodotObjects/Node.cs:2660)
       [5] bool ProjectCake.Core.SaveService.InvokeGodotClassMethod(Godot.NativeInterop.godot_string_name&, Godot.NativeInterop.NativeVariantPtrArgs, Godot.NativeInterop.godot_variant&) (D:\Project\ProjectCake\project-cake\.godot\mono\temp\obj\Debug\Godot.SourceGenerators\Godot.SourceGenerators.ScriptMethodsGenerator\ProjectCake.Core.SaveService_ScriptMethods.generated.cs:220)
       [6] Godot.NativeInterop.godot_bool Godot.Bridge.CSharpInstanceBridge.Call(nint, Godot.NativeInterop.godot_string_name*, Godot.NativeInterop.godot_variant**, int, Godot.NativeInterop.godot_variant_call_error*, Godot.NativeInterop.godot_variant*) (/root/godot/modules/mono/glue/GodotSharp/GodotSharp/Core/Bridge/CSharpInstanceBridge.cs:24)
SHOT 01-continue: popups=0 shown= hover=/root/HoverTooltipCapture/@SubViewport@2/Main/UI/StartScreen/Canvas/Page/Continue
SHOT 02-map: popups=0 shown= hover=/root/HoverTooltipCapture/@SubViewport@2/Main/UI/StartScreen/Canvas/Page/WallMap
SHOT 03-calendar: popups=0 shown= hover=/root/HoverTooltipCapture/@SubViewport@2/Main/UI/StartScreen/Canvas/Page/Date8
HOVER_PROBE_OK
