Godot Engine v4.7.1.stable.mono.official.a13da4feb - https://godotengine.org

ERROR: Failed to read the root certificate store.
   at: get_system_ca_certificates (platform/windows/os_windows.cpp:2582)
ERROR: Condition "!actions.custom_samplers.has(function->arguments[j].tex_builtin)" is true. Continuing.
   at: _dump_node_code (servers/rendering/shader_compiler.cpp:1329)
   C# backtrace (most recent call first):
       [0] void Godot.NativeCalls.godot_icall_1_56(nint, nint, nint) (/root/godot/modules/mono/glue/GodotSharp/GodotSharp/Generated/NativeCalls.cs:495)
       [1] void Godot.ShaderMaterial.SetShader(Godot.Shader) (/root/godot/modules/mono/glue/GodotSharp/GodotSharp/Generated/GodotObjects/ShaderMaterial.cs:63)
       [2] void Godot.ShaderMaterial.set_Shader(Godot.Shader) (/root/godot/modules/mono/glue/GodotSharp/GodotSharp/Generated/GodotObjects/ShaderMaterial.cs:27)
       [3] Godot.ShaderMaterial ProjectCake.UI.FoodInk.Material(bool) (D:\Project\ProjectCake\project-cake\Scripts\UI\FoodInk.cs:17)
       [4] void ProjectCake.UI.FryerVisualView._Ready() (D:\Project\ProjectCake\project-cake\Scripts\UI\FryerVisualView.cs:85)
       [5] bool Godot.Node.InvokeGodotClassMethod(Godot.NativeInterop.godot_string_name&, Godot.NativeInterop.NativeVariantPtrArgs, Godot.NativeInterop.godot_variant&) (/root/godot/modules/mono/glue/GodotSharp/GodotSharp/Generated/GodotObjects/Node.cs:2660)
       [6] bool Godot.CanvasItem.InvokeGodotClassMethod(Godot.NativeInterop.godot_string_name&, Godot.NativeInterop.NativeVariantPtrArgs, Godot.NativeInterop.godot_variant&) (/root/godot/modules/mono/glue/GodotSharp/GodotSharp/Generated/GodotObjects/CanvasItem.cs:1845)
       [7] bool Godot.Control.InvokeGodotClassMethod(Godot.NativeInterop.godot_string_name&, Godot.NativeInterop.NativeVariantPtrArgs, Godot.NativeInterop.godot_variant&) (/root/godot/modules/mono/glue/GodotSharp/GodotSharp/Generated/GodotObjects/Control.cs:4029)
       [8] bool ProjectCake.UI.FryerVisualView.InvokeGodotClassMethod(Godot.NativeInterop.godot_string_name&, Godot.NativeInterop.NativeVariantPtrArgs, Godot.NativeInterop.godot_variant&) (D:\Project\ProjectCake\project-cake\.godot\mono\temp\obj\Debug\Godot.SourceGenerators\Godot.SourceGenerators.ScriptMethodsGenerator\ProjectCake.UI.FryerVisualView_ScriptMethods.generated.cs:320)
       [9] Godot.NativeInterop.godot_bool Godot.Bridge.CSharpInstanceBridge.Call(nint, Godot.NativeInterop.godot_string_name*, Godot.NativeInterop.godot_variant**, int, Godot.NativeInterop.godot_variant_call_error*, Godot.NativeInterop.godot_variant*) (/root/godot/modules/mono/glue/GodotSharp/GodotSharp/Core/Bridge/CSharpInstanceBridge.cs:24)
       [10] void Godot.NativeInterop.NativeFuncs.godotsharp_method_bind_ptrcall(nint, nint, System.Void**, System.Void*) (/root/godot/modules/mono/glue/GodotSharp/GodotSharp/Godot.SourceGenerators.Internal/Godot.SourceGenerators.Internal.UnmanagedCallbacksGenerator/Godot.NativeInterop.NativeFuncs.generated.cs:380)
       [11] void Godot.NativeCalls.godot_icall_3_912(nint, nint, nint, Godot.NativeInterop.godot_bool, int) (/root/godot/modules/mono/glue/GodotSharp/GodotSharp/Generated/NativeCalls.cs:8061)
       [12] void Godot.Node.AddChild(Godot.Node, bool, Godot.Node+InternalMode) (/root/godot/modules/mono/glue/GodotSharp/GodotSharp/Generated/GodotObjects/Node.cs:848)
       [13] void ProjectCake.Tests.TianjinLivingWorkbenchSelfTest+<_Ready>d__12.MoveNext() (D:\Project\ProjectCake\project-cake\Scripts\Tests\TianjinLivingWorkbenchSelfTest.cs:62)
       [14] void System.Runtime.CompilerServices.AsyncMethodBuilderCore.Start<TStateMachine>(TStateMachine&)
       [15] void ProjectCake.Tests.TianjinLivingWorkbenchSelfTest._Ready()
       [16] bool Godot.Node.InvokeGodotClassMethod(Godot.NativeInterop.godot_string_name&, Godot.NativeInterop.NativeVariantPtrArgs, Godot.NativeInterop.godot_variant&) (/root/godot/modules/mono/glue/GodotSharp/GodotSharp/Generated/GodotObjects/Node.cs:2660)
       [17] bool ProjectCake.Tests.TianjinLivingWorkbenchSelfTest.InvokeGodotClassMethod(Godot.NativeInterop.godot_string_name&, Godot.NativeInterop.NativeVariantPtrArgs, Godot.NativeInterop.godot_variant&) (D:\Project\ProjectCake\project-cake\.godot\mono\temp\obj\Debug\Godot.SourceGenerators\Godot.SourceGenerators.ScriptMethodsGenerator\ProjectCake.Tests.TianjinLivingWorkbenchSelfTest_ScriptMethods.generated.cs:70)
       [18] Godot.NativeInterop.godot_bool Godot.Bridge.CSharpInstanceBridge.Call(nint, Godot.NativeInterop.godot_string_name*, Godot.NativeInterop.godot_variant**, int, Godot.NativeInterop.godot_variant_call_error*, Godot.NativeInterop.godot_variant*) (/root/godot/modules/mono/glue/GodotSharp/GodotSharp/Core/Bridge/CSharpInstanceBridge.cs:24)
LIVING_PASS five papers use the current compact width
ERROR: System.InvalidCastException: Unable to cast object of type 'Godot.StyleBoxEmpty' to type 'Godot.StyleBoxFlat'.
   at ProjectCake.Tests.TianjinLivingWorkbenchSelfTest.<>c.<_Ready>b__12_2(OrderBubbleView c) in D:\Project\ProjectCake\project-cake\Scripts\Tests\TianjinLivingWorkbenchSelfTest.cs:line 77
   at System.Linq.Enumerable.All[TSource](IEnumerable`1 source, Func`2 predicate)
   at ProjectCake.Tests.TianjinLivingWorkbenchSelfTest._Ready() in D:\Project\ProjectCake\project-cake\Scripts\Tests\TianjinLivingWorkbenchSelfTest.cs:line 77
   at: void ProjectCake.Tests.TianjinLivingWorkbenchSelfTest+<_Ready>d__12.MoveNext() (res://Scripts/Tests/TianjinLivingWorkbenchSelfTest.cs:77)
   C# backtrace (most recent call first):
       [0] void Godot.GD.PushError(string) (/root/godot/modules/mono/glue/GodotSharp/GodotSharp/Core/GD.cs:366)
       [1] void ProjectCake.Tests.TianjinLivingWorkbenchSelfTest+<_Ready>d__12.MoveNext() (D:\Project\ProjectCake\project-cake\Scripts\Tests\TianjinLivingWorkbenchSelfTest.cs:77)
       [2] void System.Threading.ExecutionContext.RunInternal(System.Threading.ExecutionContext, System.Threading.ContextCallback, object)
       [3] void System.Runtime.CompilerServices.AsyncTaskMethodBuilder`1+AsyncStateMachineBox`1.MoveNext(System.Threading.Thread)
       [4] void System.Threading.Tasks.AwaitTaskContinuation.RunCallback(System.Threading.ContextCallback, object, System.Threading.Tasks.Task&)
       [5] void System.Threading.Tasks.Task.RunContinuations(object)
       [6] bool System.Threading.Tasks.Task`1.TrySetResult(TResult)
       [7] void System.Runtime.CompilerServices.AsyncTaskMethodBuilder`1.SetExistingTaskResult(System.Threading.Tasks.Task`1[TResult], TResult)
       [8] void ProjectCake.Tests.TianjinLivingWorkbenchSelfTest+<Frames>d__9.MoveNext() (D:\Project\ProjectCake\project-cake\Scripts\Tests\TianjinLivingWorkbenchSelfTest.cs:38)
       [9] void System.Threading.ExecutionContext.RunInternal(System.Threading.ExecutionContext, System.Threading.ContextCallback, object)
       [10] void System.Runtime.CompilerServices.AsyncTaskMethodBuilder`1+AsyncStateMachineBox`1.MoveNext(System.Threading.Thread)
       [11] void Godot.SignalAwaiter.SignalCallback(nint, Godot.NativeInterop.godot_variant**, int, Godot.NativeInterop.godot_bool*) (/root/godot/modules/mono/glue/GodotSharp/GodotSharp/Core/SignalAwaiter.cs:65)
